npm notice run @atlas/web@0.0.1 npx
npm notice run 'playwright' test --project=chromium --headed --workers=1 playwright/tests/auth/homepage.spec.ts playwright/tests/auth/login.spec.ts playwright/tests/auth/register.spec.ts playwright/tests/auth/logout.spec.ts playwright/tests/auth/session.spec.ts playwright/tests/dashboard/navigation.spec.ts playwright/tests/dashboard/pages.spec.ts playwright/tests/api/auth-api.spec.ts playwright/tests/api/health.spec.ts playwright/tests/ai/chat.spec.ts

[Playwright Global Setup]
  ✓ 8 Docker services running
  ✓ Redis rate limits flushed
  ✓ Backend already running
  ✓ Frontend already running
[Setup Complete]


Running 43 tests using 1 worker

  ✓   1 [chromium] › playwright/tests/ai/chat.spec.ts:83:3 › AI Chat conversation persistence › authenticated conversation endpoints respond (497ms)
  ✓   2 [chromium] › playwright/tests/ai/chat.spec.ts:112:3 › AI Chat conversation persistence › conversation endpoints reject unauthenticated requests (2ms)
  ✓   3 [chromium] › playwright/tests/ai/chat.spec.ts:117:3 › AI Chat conversation persistence › chat workspace renders for an authenticated user (4.5s)
  ✓   4 [chromium] › playwright/tests/ai/chat.spec.ts:130:3 › AI Chat server-side persistence flows › conversation and messages survive a full page reload (2.8s)
  ✓   5 [chromium] › playwright/tests/ai/chat.spec.ts:165:3 › AI Chat server-side persistence flows › repeated turns accumulate and persist after reload (2.9s)
  ✓   6 [chromium] › playwright/tests/ai/chat.spec.ts:194:3 › AI Chat server-side persistence flows › renamed conversation title persists after reload (3.0s)
  ✓   7 [chromium] › playwright/tests/ai/chat.spec.ts:223:3 › AI Chat server-side persistence flows › deleted conversation disappears from the sidebar after reload (3.5s)
  ✓   8 [chromium] › playwright/tests/ai/chat.spec.ts:253:3 › AI Chat server-side persistence flows › conversations are isolated between users (4.6s)
  ✓   9 [chromium] › playwright/tests/ai/chat.spec.ts:282:3 › AI Chat server-side persistence flows › conversation list uses the real backend API (2.3s)
  ✓  10 [chromium] › playwright/tests/api/auth-api.spec.ts:5:3 › Auth API › POST /auth/register returns 201 with tokens (69ms)
  ✓  11 [chromium] › playwright/tests/api/auth-api.spec.ts:19:3 › Auth API › POST /auth/register fails with invalid email (3ms)
  ✓  12 [chromium] › playwright/tests/api/auth-api.spec.ts:26:3 › Auth API › POST /auth/register fails with weak password (2ms)
  ✓  13 [chromium] › playwright/tests/api/auth-api.spec.ts:34:3 › Auth API › POST /auth/login returns 200 with tokens (82ms)
  ✓  14 [chromium] › playwright/tests/api/auth-api.spec.ts:54:3 › Auth API › POST /auth/login fails with wrong password (88ms)
  ✓  15 [chromium] › playwright/tests/api/auth-api.spec.ts:66:3 › Auth API › POST /auth/refresh returns new access token (54ms)
  ✓  16 [chromium] › playwright/tests/api/auth-api.spec.ts:84:3 › Auth API › POST /auth/refresh fails without cookie (2ms)
  ✓  17 [chromium] › playwright/tests/api/auth-api.spec.ts:91:3 › Auth API › GET /auth/me returns current user (54ms)
  ✓  18 [chromium] › playwright/tests/api/auth-api.spec.ts:107:3 › Auth API › GET /auth/me fails without token (1ms)
  ✓  19 [chromium] › playwright/tests/api/health.spec.ts:4:3 › Health API › GET /health returns 200 (2ms)
  ✓  20 [chromium] › playwright/tests/api/health.spec.ts:11:3 › Health API › GET /health returns valid JSON (2ms)
  ✓  21 [chromium] › playwright/tests/api/health.spec.ts:18:3 › Health API › response has correct CORS headers (1ms)
  ✓  22 [chromium] › playwright/tests/auth/homepage.spec.ts:5:3 › Homepage › homepage opens successfully (1.1s)
  ✓  23 [chromium] › playwright/tests/auth/homepage.spec.ts:14:3 › Homepage › homepage redirects to dashboard (612ms)
  ✓  24 [chromium] › playwright/tests/auth/homepage.spec.ts:20:3 › Homepage › homepage has no JavaScript errors (1.4s)
  ✓  25 [chromium] › playwright/tests/auth/login.spec.ts:6:3 › Login › login page renders correctly (854ms)
  ✓  26 [chromium] › playwright/tests/auth/login.spec.ts:20:3 › Login › invalid credentials show error (2.9s)
  ✓  27 [chromium] › playwright/tests/auth/login.spec.ts:35:3 › Login › valid credentials redirect to dashboard (1.8s)
  ✓  28 [chromium] › playwright/tests/auth/login.spec.ts:44:3 › Login › login remembers session with cookies (1.7s)
  ✓  29 [chromium] › playwright/tests/auth/logout.spec.ts:6:3 › Logout › logout redirects to login page (5.1s)
  ✓  30 [chromium] › playwright/tests/auth/logout.spec.ts:26:3 › Logout › cannot access dashboard after logout (5.1s)
  ✓  31 [chromium] › playwright/tests/auth/logout.spec.ts:37:3 › Logout › can login again after logout (6.4s)
  ✓  32 [chromium] › playwright/tests/auth/register.spec.ts:6:3 › Registration › register page renders correctly (1.8s)
  ✓  33 [chromium] › playwright/tests/auth/register.spec.ts:22:3 › Registration › registration succeeds and redirects to dashboard (2.5s)
  ✓  34 [chromium] › playwright/tests/auth/register.spec.ts:42:3 › Registration › registration validates required fields (2.7s)
  ✓  35 [chromium] › playwright/tests/auth/register.spec.ts:55:3 › Registration › registration shows error for duplicate email (3.0s)
  ✓  36 [chromium] › playwright/tests/auth/session.spec.ts:26:3 › Session Persistence › dashboard stays open after login (4.6s)
  ✓  37 [chromium] › playwright/tests/auth/session.spec.ts:33:3 › Session Persistence › session survives page refresh (7.6s)
  ✓  38 [chromium] › playwright/tests/auth/session.spec.ts:42:3 › Session Persistence › session cookie refresh works via API (1.7s)
  ✓  39 [chromium] › playwright/tests/auth/session.spec.ts:57:3 › Session Persistence › second tab shares session (5.9s)
  ✓  40 [chromium] › playwright/tests/auth/session.spec.ts:68:3 › Session Persistence › protected routes stay accessible (13.1s)
  ✓  41 [chromium] › playwright/tests/dashboard/navigation.spec.ts:10:3 › Navigation › all public pages render correctly (4.6s)
  ✓  42 [chromium] › playwright/tests/dashboard/navigation.spec.ts:21:3 › Navigation › protected pages redirect unauthenticated users to login (32.2s)
  ✓  43 [chromium] › playwright/tests/dashboard/pages.spec.ts:56:3 › Dashboard Pages › all dashboard pages render with body content and no critical errors (2.3m)

[Playwright Global Teardown]
  ✓ Redis rate limits flushed
[Teardown Complete]


  43 passed (4.6m)

To open last HTML report run:
[36m[39m
[36m  npx playwright show-report[39m
[36m[39m
